Traceback (most recent call last):
  File "D:\CRM\backend\app\routers\masters\companies.py", line 50, in create_company
    await cur.callproc("sp_companies_create", args)
  File "D:\CRM\backend\venv\Lib\site-packages\aiomysql\cursors.py", line 361, in callproc
    await self._query(q)
  File "D:\CRM\backend\venv\Lib\site-packages\aiomysql\cursors.py", line 457, in _query
    await conn.query(q)
  File "D:\CRM\backend\venv\Lib\site-packages\aiomysql\connection.py", line 469, in query
    await self._read_query_result(unbuffered=unbuffered)
  File "D:\CRM\backend\venv\Lib\site-packages\aiomysql\connection.py", line 683, in _read_query_result
    await result.read()
  File "D:\CRM\backend\venv\Lib\site-packages\aiomysql\connection.py", line 1164, in read
    first_packet = await self.connection._read_packet()
                   ^^^^^^^^^^^^^^^^^^^^^^^^^^^^^^^^^^^^
  File "D:\CRM\backend\venv\Lib\site-packages\aiomysql\connection.py", line 652, in _read_packet
    packet.raise_for_error()
    ~~~~~~~~~~~~~~~~~~~~~~^^
  File "D:\CRM\backend\venv\Lib\site-packages\pymysql\protocol.py", line 219, in raise_for_error
    err.raise_mysql_exception(self._data)
    ~~~~~~~~~~~~~~~~~~~~~~~~~^^^^^^^^^^^^
  File "D:\CRM\backend\venv\Lib\site-packages\pymysql\err.py", line 154, in raise_mysql_exception
    raise errorclass(errno, errval, sqlstate=sqlstate)
pymysql.err.IntegrityError: (1048, "Column 'code' cannot be null")

Traceback (most recent call last):
  File "D:\CRM\backend\app\routers\masters\companies.py", line 50, in create_company
    await cur.callproc("sp_companies_create", args)
  File "D:\CRM\backend\venv\Lib\site-packages\aiomysql\cursors.py", line 361, in callproc
    await self._query(q)
  File "D:\CRM\backend\venv\Lib\site-packages\aiomysql\cursors.py", line 457, in _query
    await conn.query(q)
  File "D:\CRM\backend\venv\Lib\site-packages\aiomysql\connection.py", line 469, in query
    await self._read_query_result(unbuffered=unbuffered)
  File "D:\CRM\backend\venv\Lib\site-packages\aiomysql\connection.py", line 683, in _read_query_result
    await result.read()
  File "D:\CRM\backend\venv\Lib\site-packages\aiomysql\connection.py", line 1164, in read
    first_packet = await self.connection._read_packet()
                   ^^^^^^^^^^^^^^^^^^^^^^^^^^^^^^^^^^^^
  File "D:\CRM\backend\venv\Lib\site-packages\aiomysql\connection.py", line 652, in _read_packet
    packet.raise_for_error()
    ~~~~~~~~~~~~~~~~~~~~~~^^
  File "D:\CRM\backend\venv\Lib\site-packages\pymysql\protocol.py", line 219, in raise_for_error
    err.raise_mysql_exception(self._data)
    ~~~~~~~~~~~~~~~~~~~~~~~~~^^^^^^^^^^^^
  File "D:\CRM\backend\venv\Lib\site-packages\pymysql\err.py", line 154, in raise_mysql_exception
    raise errorclass(errno, errval, sqlstate=sqlstate)
pymysql.err.IntegrityError: (1048, "Column 'code' cannot be null")

Traceback (most recent call last):
  File "D:\CRM\backend\app\routers\masters\companies.py", line 50, in create_company
    await cur.callproc("sp_companies_create", args)
  File "D:\CRM\backend\venv\Lib\site-packages\aiomysql\cursors.py", line 361, in callproc
    await self._query(q)
  File "D:\CRM\backend\venv\Lib\site-packages\aiomysql\cursors.py", line 457, in _query
    await conn.query(q)
  File "D:\CRM\backend\venv\Lib\site-packages\aiomysql\connection.py", line 469, in query
    await self._read_query_result(unbuffered=unbuffered)
  File "D:\CRM\backend\venv\Lib\site-packages\aiomysql\connection.py", line 683, in _read_query_result
    await result.read()
  File "D:\CRM\backend\venv\Lib\site-packages\aiomysql\connection.py", line 1164, in read
    first_packet = await self.connection._read_packet()
                   ^^^^^^^^^^^^^^^^^^^^^^^^^^^^^^^^^^^^
  File "D:\CRM\backend\venv\Lib\site-packages\aiomysql\connection.py", line 652, in _read_packet
    packet.raise_for_error()
    ~~~~~~~~~~~~~~~~~~~~~~^^
  File "D:\CRM\backend\venv\Lib\site-packages\pymysql\protocol.py", line 219, in raise_for_error
    err.raise_mysql_exception(self._data)
    ~~~~~~~~~~~~~~~~~~~~~~~~~^^^^^^^^^^^^
  File "D:\CRM\backend\venv\Lib\site-packages\pymysql\err.py", line 154, in raise_mysql_exception
    raise errorclass(errno, errval, sqlstate=sqlstate)
pymysql.err.IntegrityError: (1048, "Column 'code' cannot be null")

Traceback (most recent call last):
  File "D:\CRM\backend\app\routers\masters\companies.py", line 55, in create_company
    await cur.callproc("sp_companies_create", args)
  File "D:\CRM\backend\venv\Lib\site-packages\aiomysql\cursors.py", line 361, in callproc
    await self._query(q)
  File "D:\CRM\backend\venv\Lib\site-packages\aiomysql\cursors.py", line 457, in _query
    await conn.query(q)
  File "D:\CRM\backend\venv\Lib\site-packages\aiomysql\connection.py", line 469, in query
    await self._read_query_result(unbuffered=unbuffered)
  File "D:\CRM\backend\venv\Lib\site-packages\aiomysql\connection.py", line 683, in _read_query_result
    await result.read()
  File "D:\CRM\backend\venv\Lib\site-packages\aiomysql\connection.py", line 1164, in read
    first_packet = await self.connection._read_packet()
                   ^^^^^^^^^^^^^^^^^^^^^^^^^^^^^^^^^^^^
  File "D:\CRM\backend\venv\Lib\site-packages\aiomysql\connection.py", line 652, in _read_packet
    packet.raise_for_error()
    ~~~~~~~~~~~~~~~~~~~~~~^^
  File "D:\CRM\backend\venv\Lib\site-packages\pymysql\protocol.py", line 219, in raise_for_error
    err.raise_mysql_exception(self._data)
    ~~~~~~~~~~~~~~~~~~~~~~~~~^^^^^^^^^^^^
  File "D:\CRM\backend\venv\Lib\site-packages\pymysql\err.py", line 154, in raise_mysql_exception
    raise errorclass(errno, errval, sqlstate=sqlstate)
pymysql.err.OperationalError: (1054, "Unknown column 'contact_name' in 'INSERT INTO'")

Traceback (most recent call last):
  File "D:\CRM\backend\app\routers\masters\companies.py", line 55, in create_company
    await cur.callproc("sp_companies_create", args)
  File "D:\CRM\backend\venv\Lib\site-packages\aiomysql\cursors.py", line 361, in callproc
    await self._query(q)
  File "D:\CRM\backend\venv\Lib\site-packages\aiomysql\cursors.py", line 457, in _query
    await conn.query(q)
  File "D:\CRM\backend\venv\Lib\site-packages\aiomysql\connection.py", line 469, in query
    await self._read_query_result(unbuffered=unbuffered)
  File "D:\CRM\backend\venv\Lib\site-packages\aiomysql\connection.py", line 683, in _read_query_result
    await result.read()
  File "D:\CRM\backend\venv\Lib\site-packages\aiomysql\connection.py", line 1164, in read
    first_packet = await self.connection._read_packet()
                   ^^^^^^^^^^^^^^^^^^^^^^^^^^^^^^^^^^^^
  File "D:\CRM\backend\venv\Lib\site-packages\aiomysql\connection.py", line 652, in _read_packet
    packet.raise_for_error()
    ~~~~~~~~~~~~~~~~~~~~~~^^
  File "D:\CRM\backend\venv\Lib\site-packages\pymysql\protocol.py", line 219, in raise_for_error
    err.raise_mysql_exception(self._data)
    ~~~~~~~~~~~~~~~~~~~~~~~~~^^^^^^^^^^^^
  File "D:\CRM\backend\venv\Lib\site-packages\pymysql\err.py", line 154, in raise_mysql_exception
    raise errorclass(errno, errval, sqlstate=sqlstate)
pymysql.err.OperationalError: (1054, "Unknown column 'contact_name' in 'INSERT INTO'")

